Log file created at: 2024/04/30 07:47:05
Running on machine: 5deb15e75e90
Running duration (h:mm:ss): 0:00:00
Log line format: [IWEF]yyyymmdd hh:mm:ss.uuuuuu threadid file:line] msg
I20240430 07:47:05.163259     1 StorageDaemon.cpp:132] localhost = "172.28.2.2":9779
I20240430 07:47:05.163544     1 StorageDaemon.cpp:147] data path= /data/storage
I20240430 07:47:05.172672     1 MetaClient.cpp:80] Create meta client to "172.28.1.1":9559
I20240430 07:47:05.172706     1 MetaClient.cpp:81] root path: /usr/local/nebula, data path size: 1
W20240430 07:47:05.172744     1 FileBasedClusterIdMan.cpp:43] Open file failed, error No such file or directory
I20240430 07:47:07.187939    47 MetaClient.cpp:2672] Persist the cluster Id from metad 7168007031816769947
I20240430 07:47:07.188026    47 FileBasedClusterIdMan.cpp:21] Remove the existed file cluster.id
I20240430 07:47:07.188141    47 FileBasedClusterIdMan.cpp:34] Persist clusterId 7168007031816769947 succeeded!
I20240430 07:47:07.193640     1 MetaClient.cpp:3263] Load leader of "172.28.2.2":9779 in 0 space
I20240430 07:47:07.193661     1 MetaClient.cpp:3263] Load leader of "172.28.2.1":9779 in 0 space
I20240430 07:47:07.193667     1 MetaClient.cpp:3263] Load leader of "172.28.2.3":9779 in 0 space
I20240430 07:47:07.193672     1 MetaClient.cpp:3269] Load leader ok
I20240430 07:47:07.214278     1 MetaClient.cpp:162] Register time task for heartbeat!
I20240430 07:47:07.214303     1 StorageServer.cpp:250] Init schema manager
I20240430 07:47:07.214308     1 StorageServer.cpp:253] Init index manager
I20240430 07:47:07.214313     1 StorageServer.cpp:256] Init kvstore
I20240430 07:47:07.214323     1 NebulaStore.cpp:48] Start the raft service...
I20240430 07:47:07.214744     1 NebulaSnapshotManager.cpp:25] Send snapshot is rate limited to 10485760 for each part by default
I20240430 07:47:07.231164     1 RaftexService.cpp:46] Start raft service on 9780
I20240430 07:47:07.231282     1 NebulaStore.cpp:82] Scan the local path, and init the spaces_
E20240430 07:47:07.231298     1 FileUtils.cpp:377] Failed to read the directory "/data/storage/nebula" (2): No such file or directory
I20240430 07:47:07.231467     1 NebulaStore.cpp:292] Init data from partManager for "172.28.2.2":9779
I20240430 07:47:07.231479     1 NebulaStore.cpp:75] Register handler...
I20240430 07:47:07.231484     1 StorageServer.cpp:259] Init LogMonitor
I20240430 07:47:07.231614     1 StorageServer.cpp:126] Starting Storage HTTP Service
I20240430 07:47:07.231818     1 StorageServer.cpp:130] Http Thread Pool started
I20240430 07:47:07.233119    79 WebService.cpp:124] Web service started on HTTP[19779]
I20240430 07:47:07.233444     1 RocksEngineConfig.cpp:371] Emplace rocksdb option max_bytes_for_level_base=268435456
I20240430 07:47:07.233456     1 RocksEngineConfig.cpp:371] Emplace rocksdb option max_write_buffer_number=4
I20240430 07:47:07.233460     1 RocksEngineConfig.cpp:371] Emplace rocksdb option write_buffer_size=67108864
I20240430 07:47:07.233639     1 RocksEngineConfig.cpp:371] Emplace rocksdb option block_size=8192
I20240430 07:47:07.248374     1 RocksEngine.cpp:107] open rocksdb on /data/storage/nebula/0/data
I20240430 07:47:07.248497     1 AdminTaskManager.cpp:22] max concurrent subtasks: 10
I20240430 07:47:07.248569   103 AdminTaskManager.cpp:224] waiting for incoming task
I20240430 07:47:07.248585     1 AdminTaskManager.cpp:40] exit AdminTaskManager::init()
I20240430 07:47:07.275700     1 MemoryUtils.cpp:171] MemoryTracker set static ratio: 0.8
I20240430 07:47:54.746402    64 MetaClient.cpp:3263] Load leader of "172.28.2.1":9779 in 0 space
I20240430 07:47:54.746430    64 MetaClient.cpp:3263] Load leader of "172.28.2.2":9779 in 0 space
I20240430 07:47:54.746435    64 MetaClient.cpp:3263] Load leader of "172.28.2.3":9779 in 0 space
I20240430 07:47:54.746439    64 MetaClient.cpp:3269] Load leader ok
I20240430 07:47:54.746502    64 NebulaStore.cpp:417] Create data space 1
I20240430 07:47:54.746915   154 RocksEngineConfig.cpp:371] Emplace rocksdb option max_bytes_for_level_base=268435456
I20240430 07:47:54.746927   154 RocksEngineConfig.cpp:371] Emplace rocksdb option max_write_buffer_number=4
I20240430 07:47:54.746937   154 RocksEngineConfig.cpp:371] Emplace rocksdb option write_buffer_size=67108864
I20240430 07:47:54.747227   154 RocksEngineConfig.cpp:371] Emplace rocksdb option block_size=8192
I20240430 07:47:54.754120   154 RocksEngine.cpp:107] open rocksdb on /data/storage/nebula/1/data
I20240430 07:47:54.754339    64 NebulaStore.cpp:480] Space 1, part 45 has been added, asLearner 0
I20240430 07:47:54.754422    64 NebulaStore.cpp:480] Space 1, part 42 has been added, asLearner 0
I20240430 07:47:54.754499    64 NebulaStore.cpp:480] Space 1, part 39 has been added, asLearner 0
I20240430 07:47:54.754576    64 NebulaStore.cpp:480] Space 1, part 36 has been added, asLearner 0
I20240430 07:47:54.754654    64 NebulaStore.cpp:480] Space 1, part 33 has been added, asLearner 0
I20240430 07:47:54.754725    64 NebulaStore.cpp:480] Space 1, part 30 has been added, asLearner 0
I20240430 07:47:54.754797    64 NebulaStore.cpp:480] Space 1, part 27 has been added, asLearner 0
I20240430 07:47:54.754866    64 NebulaStore.cpp:480] Space 1, part 24 has been added, asLearner 0
I20240430 07:47:54.754933    64 NebulaStore.cpp:480] Space 1, part 9 has been added, asLearner 0
I20240430 07:47:54.755005    64 NebulaStore.cpp:480] Space 1, part 6 has been added, asLearner 0
I20240430 07:47:54.755077    64 NebulaStore.cpp:480] Space 1, part 72 has been added, asLearner 0
I20240430 07:47:54.755148    64 NebulaStore.cpp:480] Space 1, part 3 has been added, asLearner 0
I20240430 07:47:54.755224    64 NebulaStore.cpp:480] Space 1, part 69 has been added, asLearner 0
I20240430 07:47:54.755297    64 NebulaStore.cpp:480] Space 1, part 63 has been added, asLearner 0
I20240430 07:47:54.755368    64 NebulaStore.cpp:480] Space 1, part 51 has been added, asLearner 0
I20240430 07:47:54.755437    64 NebulaStore.cpp:480] Space 1, part 66 has been added, asLearner 0
I20240430 07:47:54.755504    64 NebulaStore.cpp:480] Space 1, part 99 has been added, asLearner 0
I20240430 07:47:54.755570    64 NebulaStore.cpp:480] Space 1, part 87 has been added, asLearner 0
I20240430 07:47:54.755641    64 NebulaStore.cpp:480] Space 1, part 18 has been added, asLearner 0
I20240430 07:47:54.755713    64 NebulaStore.cpp:480] Space 1, part 54 has been added, asLearner 0
I20240430 07:47:54.755787    64 NebulaStore.cpp:480] Space 1, part 90 has been added, asLearner 0
I20240430 07:47:54.755860    64 NebulaStore.cpp:480] Space 1, part 21 has been added, asLearner 0
I20240430 07:47:54.755931    64 NebulaStore.cpp:480] Space 1, part 57 has been added, asLearner 0
I20240430 07:47:54.756002    64 NebulaStore.cpp:480] Space 1, part 60 has been added, asLearner 0
I20240430 07:47:54.756073    64 NebulaStore.cpp:480] Space 1, part 96 has been added, asLearner 0
I20240430 07:47:54.756143    64 NebulaStore.cpp:480] Space 1, part 93 has been added, asLearner 0
I20240430 07:47:54.756209    64 NebulaStore.cpp:480] Space 1, part 84 has been added, asLearner 0
I20240430 07:47:54.756276    64 NebulaStore.cpp:480] Space 1, part 15 has been added, asLearner 0
I20240430 07:47:54.756346    64 NebulaStore.cpp:480] Space 1, part 81 has been added, asLearner 0
I20240430 07:47:54.756419    64 NebulaStore.cpp:480] Space 1, part 12 has been added, asLearner 0
I20240430 07:47:54.756487    64 NebulaStore.cpp:480] Space 1, part 78 has been added, asLearner 0
I20240430 07:47:54.756561    64 NebulaStore.cpp:480] Space 1, part 75 has been added, asLearner 0
I20240430 07:47:54.756631    64 NebulaStore.cpp:480] Space 1, part 48 has been added, asLearner 0
I20240430 07:47:56.763530    64 MetaClient.cpp:3263] Load leader of "172.28.2.1":9779 in 1 space
I20240430 07:47:56.763556    64 MetaClient.cpp:3263] Load leader of "172.28.2.2":9779 in 1 space
I20240430 07:47:56.763569    64 MetaClient.cpp:3263] Load leader of "172.28.2.3":9779 in 1 space
I20240430 07:47:56.763573    64 MetaClient.cpp:3269] Load leader ok
E20240430 07:47:59.492122   134 Serializer.h:43] Thrift serialization is only defined for structs and unions, not containers thereof. Attemping to deserialize a value of type `nebula::Value`.
I20240430 07:48:04.783339    64 MetaClient.cpp:3263] Load leader of "172.28.2.1":9779 in 1 space
I20240430 07:48:04.783373    64 MetaClient.cpp:3263] Load leader of "172.28.2.2":9779 in 1 space
I20240430 07:48:04.783396    64 MetaClient.cpp:3263] Load leader of "172.28.2.3":9779 in 1 space
I20240430 07:48:04.783401    64 MetaClient.cpp:3269] Load leader ok
I20240430 07:48:04.783490    64 NebulaStore.cpp:417] Create data space 2
I20240430 07:48:04.783844   170 RocksEngineConfig.cpp:371] Emplace rocksdb option max_bytes_for_level_base=268435456
I20240430 07:48:04.783856   170 RocksEngineConfig.cpp:371] Emplace rocksdb option max_write_buffer_number=4
I20240430 07:48:04.783860   170 RocksEngineConfig.cpp:371] Emplace rocksdb option write_buffer_size=67108864
I20240430 07:48:04.783978   170 RocksEngineConfig.cpp:371] Emplace rocksdb option block_size=8192
I20240430 07:48:04.790743   170 RocksEngine.cpp:107] open rocksdb on /data/storage/nebula/2/data
I20240430 07:48:04.790910    64 NebulaStore.cpp:480] Space 2, part 3 has been added, asLearner 0
I20240430 07:48:04.791009    64 NebulaStore.cpp:480] Space 2, part 9 has been added, asLearner 0
I20240430 07:48:04.791100    64 NebulaStore.cpp:480] Space 2, part 6 has been added, asLearner 0
I20240430 07:48:06.803071    64 MetaClient.cpp:3263] Load leader of "172.28.2.1":9779 in 2 space
I20240430 07:48:06.803103    64 MetaClient.cpp:3263] Load leader of "172.28.2.2":9779 in 2 space
I20240430 07:48:06.803119    64 MetaClient.cpp:3263] Load leader of "172.28.2.3":9779 in 2 space
I20240430 07:48:06.803123    64 MetaClient.cpp:3269] Load leader ok
I20240430 07:48:11.818670    64 MetaClient.cpp:3263] Load leader of "172.28.2.1":9779 in 2 space
I20240430 07:48:11.818701    64 MetaClient.cpp:3263] Load leader of "172.28.2.2":9779 in 2 space
I20240430 07:48:11.818722    64 MetaClient.cpp:3263] Load leader of "172.28.2.3":9779 in 2 space
I20240430 07:48:11.818725    64 MetaClient.cpp:3269] Load leader ok
I20240430 07:48:11.818949    64 NebulaStore.cpp:417] Create data space 4
I20240430 07:48:11.819273   192 RocksEngineConfig.cpp:371] Emplace rocksdb option max_bytes_for_level_base=268435456
I20240430 07:48:11.819285   192 RocksEngineConfig.cpp:371] Emplace rocksdb option max_write_buffer_number=4
I20240430 07:48:11.819289   192 RocksEngineConfig.cpp:371] Emplace rocksdb option write_buffer_size=67108864
I20240430 07:48:11.819413   192 RocksEngineConfig.cpp:371] Emplace rocksdb option block_size=8192
I20240430 07:48:11.827097   192 RocksEngine.cpp:107] open rocksdb on /data/storage/nebula/4/data
I20240430 07:48:11.827258    64 NebulaStore.cpp:480] Space 4, part 45 has been added, asLearner 0
I20240430 07:48:11.827347    64 NebulaStore.cpp:480] Space 4, part 42 has been added, asLearner 0
I20240430 07:48:11.827430    64 NebulaStore.cpp:480] Space 4, part 39 has been added, asLearner 0
I20240430 07:48:11.827518    64 NebulaStore.cpp:480] Space 4, part 36 has been added, asLearner 0
I20240430 07:48:11.827600    64 NebulaStore.cpp:480] Space 4, part 33 has been added, asLearner 0
I20240430 07:48:11.827679    64 NebulaStore.cpp:480] Space 4, part 30 has been added, asLearner 0
I20240430 07:48:11.827760    64 NebulaStore.cpp:480] Space 4, part 27 has been added, asLearner 0
I20240430 07:48:11.827847    64 NebulaStore.cpp:480] Space 4, part 24 has been added, asLearner 0
I20240430 07:48:11.827931    64 NebulaStore.cpp:480] Space 4, part 9 has been added, asLearner 0
I20240430 07:48:11.828012    64 NebulaStore.cpp:480] Space 4, part 6 has been added, asLearner 0
I20240430 07:48:11.828094    64 NebulaStore.cpp:480] Space 4, part 72 has been added, asLearner 0
I20240430 07:48:11.828186    64 NebulaStore.cpp:480] Space 4, part 3 has been added, asLearner 0
I20240430 07:48:11.828274    64 NebulaStore.cpp:480] Space 4, part 69 has been added, asLearner 0
I20240430 07:48:11.828353    64 NebulaStore.cpp:480] Space 4, part 63 has been added, asLearner 0
I20240430 07:48:11.828430    64 NebulaStore.cpp:480] Space 4, part 51 has been added, asLearner 0
I20240430 07:48:11.828521    64 NebulaStore.cpp:480] Space 4, part 66 has been added, asLearner 0
I20240430 07:48:11.828610    64 NebulaStore.cpp:480] Space 4, part 99 has been added, asLearner 0
I20240430 07:48:11.828691    64 NebulaStore.cpp:480] Space 4, part 87 has been added, asLearner 0
I20240430 07:48:11.828765    64 NebulaStore.cpp:480] Space 4, part 18 has been added, asLearner 0
I20240430 07:48:11.828855    64 NebulaStore.cpp:480] Space 4, part 54 has been added, asLearner 0
I20240430 07:48:11.828939    64 NebulaStore.cpp:480] Space 4, part 90 has been added, asLearner 0
I20240430 07:48:11.829016    64 NebulaStore.cpp:480] Space 4, part 21 has been added, asLearner 0
I20240430 07:48:11.829097    64 NebulaStore.cpp:480] Space 4, part 57 has been added, asLearner 0
I20240430 07:48:11.829183    64 NebulaStore.cpp:480] Space 4, part 60 has been added, asLearner 0
I20240430 07:48:11.829273    64 NebulaStore.cpp:480] Space 4, part 96 has been added, asLearner 0
I20240430 07:48:11.829368    64 NebulaStore.cpp:480] Space 4, part 93 has been added, asLearner 0
I20240430 07:48:11.829453    64 NebulaStore.cpp:480] Space 4, part 84 has been added, asLearner 0
I20240430 07:48:11.829537    64 NebulaStore.cpp:480] Space 4, part 15 has been added, asLearner 0
I20240430 07:48:11.829619    64 NebulaStore.cpp:480] Space 4, part 81 has been added, asLearner 0
I20240430 07:48:11.829694    64 NebulaStore.cpp:480] Space 4, part 12 has been added, asLearner 0
I20240430 07:48:11.829766    64 NebulaStore.cpp:480] Space 4, part 78 has been added, asLearner 0
I20240430 07:48:11.829852    64 NebulaStore.cpp:480] Space 4, part 75 has been added, asLearner 0
I20240430 07:48:11.829943    64 NebulaStore.cpp:480] Space 4, part 48 has been added, asLearner 0
I20240430 07:48:11.829952    64 NebulaStore.cpp:417] Create data space 3
I20240430 07:48:11.830219   208 RocksEngineConfig.cpp:371] Emplace rocksdb option max_bytes_for_level_base=268435456
I20240430 07:48:11.830230   208 RocksEngineConfig.cpp:371] Emplace rocksdb option max_write_buffer_number=4
I20240430 07:48:11.830235   208 RocksEngineConfig.cpp:371] Emplace rocksdb option write_buffer_size=67108864
I20240430 07:48:11.830322   208 RocksEngineConfig.cpp:371] Emplace rocksdb option block_size=8192
I20240430 07:48:11.837226   208 RocksEngine.cpp:107] open rocksdb on /data/storage/nebula/3/data
I20240430 07:48:11.837368    64 NebulaStore.cpp:480] Space 3, part 47 has been added, asLearner 0
I20240430 07:48:11.837457    64 NebulaStore.cpp:480] Space 3, part 46 has been added, asLearner 0
I20240430 07:48:11.837553    64 NebulaStore.cpp:480] Space 3, part 45 has been added, asLearner 0
I20240430 07:48:11.837646    64 NebulaStore.cpp:480] Space 3, part 78 has been added, asLearner 0
I20240430 07:48:11.837730    64 NebulaStore.cpp:480] Space 3, part 79 has been added, asLearner 0
I20240430 07:48:11.837815    64 NebulaStore.cpp:480] Space 3, part 80 has been added, asLearner 0
I20240430 07:48:11.837905    64 NebulaStore.cpp:480] Space 3, part 81 has been added, asLearner 0
I20240430 07:48:11.837993    64 NebulaStore.cpp:480] Space 3, part 82 has been added, asLearner 0
I20240430 07:48:11.838074    64 NebulaStore.cpp:480] Space 3, part 83 has been added, asLearner 0
I20240430 07:48:11.838181    64 NebulaStore.cpp:480] Space 3, part 84 has been added, asLearner 0
I20240430 07:48:11.838276    64 NebulaStore.cpp:480] Space 3, part 85 has been added, asLearner 0
I20240430 07:48:11.838363    64 NebulaStore.cpp:480] Space 3, part 86 has been added, asLearner 0
I20240430 07:48:11.838445    64 NebulaStore.cpp:480] Space 3, part 93 has been added, asLearner 0
I20240430 07:48:11.838529    64 NebulaStore.cpp:480] Space 3, part 94 has been added, asLearner 0
I20240430 07:48:11.838625    64 NebulaStore.cpp:480] Space 3, part 95 has been added, asLearner 0
I20240430 07:48:11.838712    64 NebulaStore.cpp:480] Space 3, part 97 has been added, asLearner 0
I20240430 07:48:11.838797    64 NebulaStore.cpp:480] Space 3, part 96 has been added, asLearner 0
I20240430 07:48:11.838876    64 NebulaStore.cpp:480] Space 3, part 92 has been added, asLearner 0
I20240430 07:48:11.838971    64 NebulaStore.cpp:480] Space 3, part 91 has been added, asLearner 0
I20240430 07:48:11.839061    64 NebulaStore.cpp:480] Space 3, part 90 has been added, asLearner 0
I20240430 07:48:11.839145    64 NebulaStore.cpp:480] Space 3, part 89 has been added, asLearner 0
I20240430 07:48:11.839231    64 NebulaStore.cpp:480] Space 3, part 88 has been added, asLearner 0
I20240430 07:48:11.839319    64 NebulaStore.cpp:480] Space 3, part 87 has been added, asLearner 0
I20240430 07:48:11.839407    64 NebulaStore.cpp:480] Space 3, part 74 has been added, asLearner 0
I20240430 07:48:11.839488    64 NebulaStore.cpp:480] Space 3, part 73 has been added, asLearner 0
I20240430 07:48:11.839593    64 NebulaStore.cpp:480] Space 3, part 72 has been added, asLearner 0
I20240430 07:48:11.839694    64 NebulaStore.cpp:480] Space 3, part 71 has been added, asLearner 0
I20240430 07:48:11.839780    64 NebulaStore.cpp:480] Space 3, part 58 has been added, asLearner 0
I20240430 07:48:11.839867    64 NebulaStore.cpp:480] Space 3, part 57 has been added, asLearner 0
I20240430 07:48:11.839949    64 NebulaStore.cpp:480] Space 3, part 55 has been added, asLearner 0
I20240430 07:48:11.840041    64 NebulaStore.cpp:480] Space 3, part 56 has been added, asLearner 0
I20240430 07:48:11.840128    64 NebulaStore.cpp:480] Space 3, part 53 has been added, asLearner 0
I20240430 07:48:11.840209    64 NebulaStore.cpp:480] Space 3, part 100 has been added, asLearner 0
I20240430 07:48:11.840289    64 NebulaStore.cpp:480] Space 3, part 3 has been added, asLearner 0
I20240430 07:48:11.840382    64 NebulaStore.cpp:480] Space 3, part 54 has been added, asLearner 0
I20240430 07:48:11.840471    64 NebulaStore.cpp:480] Space 3, part 99 has been added, asLearner 0
I20240430 07:48:11.840551    64 NebulaStore.cpp:480] Space 3, part 2 has been added, asLearner 0
I20240430 07:48:11.840639    64 NebulaStore.cpp:480] Space 3, part 52 has been added, asLearner 0
I20240430 07:48:11.840750    64 NebulaStore.cpp:480] Space 3, part 98 has been added, asLearner 0
I20240430 07:48:11.840837    64 NebulaStore.cpp:480] Space 3, part 1 has been added, asLearner 0
I20240430 07:48:11.840920    64 NebulaStore.cpp:480] Space 3, part 51 has been added, asLearner 0
I20240430 07:48:11.841003    64 NebulaStore.cpp:480] Space 3, part 59 has been added, asLearner 0
I20240430 07:48:11.841094    64 NebulaStore.cpp:480] Space 3, part 60 has been added, asLearner 0
I20240430 07:48:11.841185    64 NebulaStore.cpp:480] Space 3, part 61 has been added, asLearner 0
I20240430 07:48:11.841269    64 NebulaStore.cpp:480] Space 3, part 62 has been added, asLearner 0
I20240430 07:48:11.841360    64 NebulaStore.cpp:480] Space 3, part 63 has been added, asLearner 0
I20240430 07:48:11.841451    64 NebulaStore.cpp:480] Space 3, part 64 has been added, asLearner 0
I20240430 07:48:11.841542    64 NebulaStore.cpp:480] Space 3, part 65 has been added, asLearner 0
I20240430 07:48:11.841629    64 NebulaStore.cpp:480] Space 3, part 66 has been added, asLearner 0
I20240430 07:48:11.841718    64 NebulaStore.cpp:480] Space 3, part 67 has been added, asLearner 0
I20240430 07:48:11.841814    64 NebulaStore.cpp:480] Space 3, part 68 has been added, asLearner 0
I20240430 07:48:11.841905    64 NebulaStore.cpp:480] Space 3, part 69 has been added, asLearner 0
I20240430 07:48:11.841998    64 NebulaStore.cpp:480] Space 3, part 70 has been added, asLearner 0
I20240430 07:48:11.842087    64 NebulaStore.cpp:480] Space 3, part 77 has been added, asLearner 0
I20240430 07:48:11.842217    64 NebulaStore.cpp:480] Space 3, part 76 has been added, asLearner 0
I20240430 07:48:11.842317    64 NebulaStore.cpp:480] Space 3, part 75 has been added, asLearner 0
I20240430 07:48:11.842409    64 NebulaStore.cpp:480] Space 3, part 50 has been added, asLearner 0
I20240430 07:48:11.842497    64 NebulaStore.cpp:480] Space 3, part 49 has been added, asLearner 0
I20240430 07:48:11.842589    64 NebulaStore.cpp:480] Space 3, part 48 has been added, asLearner 0
I20240430 07:48:11.842684    64 NebulaStore.cpp:480] Space 3, part 23 has been added, asLearner 0
I20240430 07:48:11.842777    64 NebulaStore.cpp:480] Space 3, part 22 has been added, asLearner 0
I20240430 07:48:11.842869    64 NebulaStore.cpp:480] Space 3, part 21 has been added, asLearner 0
I20240430 07:48:11.842973    64 NebulaStore.cpp:480] Space 3, part 20 has been added, asLearner 0
I20240430 07:48:11.843070    64 NebulaStore.cpp:480] Space 3, part 19 has been added, asLearner 0
I20240430 07:48:11.843187    64 NebulaStore.cpp:480] Space 3, part 18 has been added, asLearner 0
I20240430 07:48:11.843330    64 NebulaStore.cpp:480] Space 3, part 17 has been added, asLearner 0
I20240430 07:48:11.843475    64 NebulaStore.cpp:480] Space 3, part 16 has been added, asLearner 0
I20240430 07:48:11.843606    64 NebulaStore.cpp:480] Space 3, part 15 has been added, asLearner 0
I20240430 07:48:11.843740    64 NebulaStore.cpp:480] Space 3, part 14 has been added, asLearner 0
I20240430 07:48:11.843888    64 NebulaStore.cpp:480] Space 3, part 13 has been added, asLearner 0
I20240430 07:48:11.844010    64 NebulaStore.cpp:480] Space 3, part 12 has been added, asLearner 0
I20240430 07:48:11.844120    64 NebulaStore.cpp:480] Space 3, part 5 has been added, asLearner 0
I20240430 07:48:11.844213    64 NebulaStore.cpp:480] Space 3, part 4 has been added, asLearner 0
I20240430 07:48:11.844313    64 NebulaStore.cpp:480] Space 3, part 6 has been added, asLearner 0
I20240430 07:48:11.844416    64 NebulaStore.cpp:480] Space 3, part 7 has been added, asLearner 0
I20240430 07:48:11.844509    64 NebulaStore.cpp:480] Space 3, part 8 has been added, asLearner 0
I20240430 07:48:11.844596    64 NebulaStore.cpp:480] Space 3, part 9 has been added, asLearner 0
I20240430 07:48:11.844696    64 NebulaStore.cpp:480] Space 3, part 10 has been added, asLearner 0
I20240430 07:48:11.844800    64 NebulaStore.cpp:480] Space 3, part 11 has been added, asLearner 0
I20240430 07:48:11.844903    64 NebulaStore.cpp:480] Space 3, part 24 has been added, asLearner 0
I20240430 07:48:11.844990    64 NebulaStore.cpp:480] Space 3, part 25 has been added, asLearner 0
I20240430 07:48:11.845086    64 NebulaStore.cpp:480] Space 3, part 26 has been added, asLearner 0
I20240430 07:48:11.845191    64 NebulaStore.cpp:480] Space 3, part 27 has been added, asLearner 0
I20240430 07:48:11.845291    64 NebulaStore.cpp:480] Space 3, part 28 has been added, asLearner 0
I20240430 07:48:11.845379    64 NebulaStore.cpp:480] Space 3, part 29 has been added, asLearner 0
I20240430 07:48:11.845479    64 NebulaStore.cpp:480] Space 3, part 30 has been added, asLearner 0
I20240430 07:48:11.845587    64 NebulaStore.cpp:480] Space 3, part 31 has been added, asLearner 0
I20240430 07:48:11.845683    64 NebulaStore.cpp:480] Space 3, part 32 has been added, asLearner 0
I20240430 07:48:11.845777    64 NebulaStore.cpp:480] Space 3, part 33 has been added, asLearner 0
I20240430 07:48:11.845872    64 NebulaStore.cpp:480] Space 3, part 34 has been added, asLearner 0
I20240430 07:48:11.845979    64 NebulaStore.cpp:480] Space 3, part 35 has been added, asLearner 0
I20240430 07:48:11.846074    64 NebulaStore.cpp:480] Space 3, part 36 has been added, asLearner 0
I20240430 07:48:11.846186    64 NebulaStore.cpp:480] Space 3, part 37 has been added, asLearner 0
I20240430 07:48:11.846293    64 NebulaStore.cpp:480] Space 3, part 38 has been added, asLearner 0
I20240430 07:48:11.846396    64 NebulaStore.cpp:480] Space 3, part 39 has been added, asLearner 0
I20240430 07:48:11.846493    64 NebulaStore.cpp:480] Space 3, part 40 has been added, asLearner 0
I20240430 07:48:11.846582    64 NebulaStore.cpp:480] Space 3, part 41 has been added, asLearner 0
I20240430 07:48:11.846685    64 NebulaStore.cpp:480] Space 3, part 42 has been added, asLearner 0
I20240430 07:48:11.846796    64 NebulaStore.cpp:480] Space 3, part 43 has been added, asLearner 0
I20240430 07:48:11.846896    64 NebulaStore.cpp:480] Space 3, part 44 has been added, asLearner 0
I20240430 07:48:12.856202    64 MetaClient.cpp:3263] Load leader of "172.28.2.1":9779 in 4 space
I20240430 07:48:12.856258    64 MetaClient.cpp:3263] Load leader of "172.28.2.2":9779 in 4 space
I20240430 07:48:12.856278    64 MetaClient.cpp:3263] Load leader of "172.28.2.3":9779 in 2 space
I20240430 07:48:12.856282    64 MetaClient.cpp:3269] Load leader ok
I20240430 07:48:13.865453    64 MetaClient.cpp:3263] Load leader of "172.28.2.1":9779 in 4 space
I20240430 07:48:13.865504    64 MetaClient.cpp:3263] Load leader of "172.28.2.2":9779 in 4 space
I20240430 07:48:13.865530    64 MetaClient.cpp:3263] Load leader of "172.28.2.3":9779 in 4 space
I20240430 07:48:13.865535    64 MetaClient.cpp:3269] Load leader ok
I20240430 07:48:21.889351    64 MetaClient.cpp:3263] Load leader of "172.28.2.1":9779 in 4 space
I20240430 07:48:21.889400    64 MetaClient.cpp:3263] Load leader of "172.28.2.2":9779 in 4 space
I20240430 07:48:21.889422    64 MetaClient.cpp:3263] Load leader of "172.28.2.3":9779 in 4 space
I20240430 07:48:21.889426    64 MetaClient.cpp:3269] Load leader ok
I20240430 07:48:21.889693    64 NebulaStore.cpp:417] Create data space 5
I20240430 07:48:21.889909   154 RocksEngineConfig.cpp:371] Emplace rocksdb option max_bytes_for_level_base=268435456
I20240430 07:48:21.889920   154 RocksEngineConfig.cpp:371] Emplace rocksdb option max_write_buffer_number=4
I20240430 07:48:21.889925   154 RocksEngineConfig.cpp:371] Emplace rocksdb option write_buffer_size=67108864
I20240430 07:48:21.890028   154 RocksEngineConfig.cpp:371] Emplace rocksdb option block_size=8192
I20240430 07:48:21.896464   154 RocksEngine.cpp:107] open rocksdb on /data/storage/nebula/5/data
I20240430 07:48:21.896636    64 NebulaStore.cpp:480] Space 5, part 45 has been added, asLearner 0
I20240430 07:48:21.896736    64 NebulaStore.cpp:480] Space 5, part 42 has been added, asLearner 0
I20240430 07:48:21.896843    64 NebulaStore.cpp:480] Space 5, part 39 has been added, asLearner 0
I20240430 07:48:21.896948    64 NebulaStore.cpp:480] Space 5, part 36 has been added, asLearner 0
I20240430 07:48:21.897035    64 NebulaStore.cpp:480] Space 5, part 33 has been added, asLearner 0
I20240430 07:48:21.897128    64 NebulaStore.cpp:480] Space 5, part 30 has been added, asLearner 0
I20240430 07:48:21.897229    64 NebulaStore.cpp:480] Space 5, part 27 has been added, asLearner 0
I20240430 07:48:21.897326    64 NebulaStore.cpp:480] Space 5, part 24 has been added, asLearner 0
I20240430 07:48:21.897411    64 NebulaStore.cpp:480] Space 5, part 9 has been added, asLearner 0
I20240430 07:48:21.897505    64 NebulaStore.cpp:480] Space 5, part 6 has been added, asLearner 0
I20240430 07:48:21.897605    64 NebulaStore.cpp:480] Space 5, part 72 has been added, asLearner 0
I20240430 07:48:21.897709    64 NebulaStore.cpp:480] Space 5, part 3 has been added, asLearner 0
I20240430 07:48:21.897797    64 NebulaStore.cpp:480] Space 5, part 69 has been added, asLearner 0
I20240430 07:48:21.897887    64 NebulaStore.cpp:480] Space 5, part 63 has been added, asLearner 0
I20240430 07:48:21.897987    64 NebulaStore.cpp:480] Space 5, part 51 has been added, asLearner 0
I20240430 07:48:21.898082    64 NebulaStore.cpp:480] Space 5, part 66 has been added, asLearner 0
I20240430 07:48:21.898198    64 NebulaStore.cpp:480] Space 5, part 99 has been added, asLearner 0
I20240430 07:48:21.898311    64 NebulaStore.cpp:480] Space 5, part 87 has been added, asLearner 0
I20240430 07:48:21.898416    64 NebulaStore.cpp:480] Space 5, part 18 has been added, asLearner 0
I20240430 07:48:21.898510    64 NebulaStore.cpp:480] Space 5, part 54 has been added, asLearner 0
I20240430 07:48:21.898597    64 NebulaStore.cpp:480] Space 5, part 90 has been added, asLearner 0
I20240430 07:48:21.898687    64 NebulaStore.cpp:480] Space 5, part 21 has been added, asLearner 0
I20240430 07:48:21.898810    64 NebulaStore.cpp:480] Space 5, part 57 has been added, asLearner 0
I20240430 07:48:21.898911    64 NebulaStore.cpp:480] Space 5, part 60 has been added, asLearner 0
I20240430 07:48:21.899008    64 NebulaStore.cpp:480] Space 5, part 96 has been added, asLearner 0
I20240430 07:48:21.899101    64 NebulaStore.cpp:480] Space 5, part 93 has been added, asLearner 0
I20240430 07:48:21.899205    64 NebulaStore.cpp:480] Space 5, part 84 has been added, asLearner 0
I20240430 07:48:21.899303    64 NebulaStore.cpp:480] Space 5, part 15 has been added, asLearner 0
I20240430 07:48:21.899395    64 NebulaStore.cpp:480] Space 5, part 81 has been added, asLearner 0
I20240430 07:48:21.899490    64 NebulaStore.cpp:480] Space 5, part 12 has been added, asLearner 0
I20240430 07:48:21.899619    64 NebulaStore.cpp:480] Space 5, part 78 has been added, asLearner 0
I20240430 07:48:21.899715    64 NebulaStore.cpp:480] Space 5, part 75 has been added, asLearner 0
I20240430 07:48:21.899799    64 NebulaStore.cpp:480] Space 5, part 48 has been added, asLearner 0
I20240430 07:48:23.912369    64 MetaClient.cpp:3263] Load leader of "172.28.2.1":9779 in 5 space
I20240430 07:48:23.912426    64 MetaClient.cpp:3263] Load leader of "172.28.2.2":9779 in 5 space
I20240430 07:48:23.912470    64 MetaClient.cpp:3263] Load leader of "172.28.2.3":9779 in 5 space
I20240430 07:48:23.912475    64 MetaClient.cpp:3269] Load leader ok
I20240430 07:48:27.929438    64 MetaClient.cpp:3263] Load leader of "172.28.2.1":9779 in 5 space
I20240430 07:48:27.929497    64 MetaClient.cpp:3263] Load leader of "172.28.2.2":9779 in 5 space
I20240430 07:48:27.929538    64 MetaClient.cpp:3263] Load leader of "172.28.2.3":9779 in 5 space
I20240430 07:48:27.929543    64 MetaClient.cpp:3269] Load leader ok
I20240430 07:48:33.487048    43 AdminTask.cpp:21] createAdminTask (6, 2)
I20240430 07:48:33.487151    43 RebuildIndexTask.cpp:40] Rebuild index task is rate limited to 4194304 for each subtask by default
I20240430 07:48:33.487198    43 AdminTaskManager.cpp:155] enqueue task(6, 2)
I20240430 07:48:33.487227   103 AdminTaskManager.cpp:236] dequeue task(6, 2)
I20240430 07:48:33.487319   103 AdminTaskManager.cpp:279] run task(6, 2), 33 subtasks in 10 thread
I20240430 07:48:33.488099   239 RebuildIndexTask.cpp:113] Start building index
I20240430 07:48:33.488183   239 RebuildIndexTask.cpp:119] Building index successful, space=5, part=3
I20240430 07:48:33.488193   239 RebuildIndexTask.cpp:122] Processing operation logs, space=5, part=3
I20240430 07:48:33.488445   240 RebuildIndexTask.cpp:113] Start building index
I20240430 07:48:33.488638   241 RebuildIndexTask.cpp:113] Start building index
I20240430 07:48:33.488708   241 RebuildIndexTask.cpp:119] Building index successful, space=5, part=9
I20240430 07:48:33.488718   241 RebuildIndexTask.cpp:122] Processing operation logs, space=5, part=9
I20240430 07:48:33.488828   240 RebuildIndexTask.cpp:119] Building index successful, space=5, part=6
I20240430 07:48:33.488852   240 RebuildIndexTask.cpp:122] Processing operation logs, space=5, part=6
I20240430 07:48:33.489039   242 RebuildIndexTask.cpp:113] Start building index
I20240430 07:48:33.489126   241 RebuildIndexTask.cpp:130] RebuildIndexTask Finished, space=5, part=9
I20240430 07:48:33.489137   241 AdminTaskManager.cpp:315] subtask of task(6, 2) finished, unfinished task 32
I20240430 07:48:33.489157   242 RebuildIndexTask.cpp:119] Building index successful, space=5, part=12
I20240430 07:48:33.489202   242 RebuildIndexTask.cpp:122] Processing operation logs, space=5, part=12
I20240430 07:48:33.489202   240 RebuildIndexTask.cpp:130] RebuildIndexTask Finished, space=5, part=6
I20240430 07:48:33.489239   239 RebuildIndexTask.cpp:130] RebuildIndexTask Finished, space=5, part=3
I20240430 07:48:33.489275   240 AdminTaskManager.cpp:315] subtask of task(6, 2) finished, unfinished task 31
I20240430 07:48:33.489300   243 RebuildIndexTask.cpp:113] Start building index
I20240430 07:48:33.489292   239 AdminTaskManager.cpp:315] subtask of task(6, 2) finished, unfinished task 30
I20240430 07:48:33.489374   243 RebuildIndexTask.cpp:119] Building index successful, space=5, part=15
I20240430 07:48:33.489385   243 RebuildIndexTask.cpp:122] Processing operation logs, space=5, part=15
I20240430 07:48:33.489674   243 RebuildIndexTask.cpp:130] RebuildIndexTask Finished, space=5, part=15
I20240430 07:48:33.489686   243 AdminTaskManager.cpp:315] subtask of task(6, 2) finished, unfinished task 29
I20240430 07:48:33.489854   245 RebuildIndexTask.cpp:113] Start building index
I20240430 07:48:33.489931   244 RebuildIndexTask.cpp:113] Start building index
I20240430 07:48:33.490000   245 RebuildIndexTask.cpp:119] Building index successful, space=5, part=21
I20240430 07:48:33.490016   245 RebuildIndexTask.cpp:122] Processing operation logs, space=5, part=21
I20240430 07:48:33.490064   244 RebuildIndexTask.cpp:119] Building index successful, space=5, part=18
I20240430 07:48:33.490072   244 RebuildIndexTask.cpp:122] Processing operation logs, space=5, part=18
I20240430 07:48:33.490226   246 RebuildIndexTask.cpp:113] Start building index
I20240430 07:48:33.490325   246 RebuildIndexTask.cpp:119] Building index successful, space=5, part=24
I20240430 07:48:33.490336   246 RebuildIndexTask.cpp:122] Processing operation logs, space=5, part=24
I20240430 07:48:33.490446   245 RebuildIndexTask.cpp:130] RebuildIndexTask Finished, space=5, part=21
I20240430 07:48:33.490459   245 AdminTaskManager.cpp:315] subtask of task(6, 2) finished, unfinished task 28
I20240430 07:48:33.490501   242 RebuildIndexTask.cpp:130] RebuildIndexTask Finished, space=5, part=12
I20240430 07:48:33.490511   242 AdminTaskManager.cpp:315] subtask of task(6, 2) finished, unfinished task 27
I20240430 07:48:33.490813   246 RebuildIndexTask.cpp:130] RebuildIndexTask Finished, space=5, part=24
I20240430 07:48:33.490824   246 AdminTaskManager.cpp:315] subtask of task(6, 2) finished, unfinished task 26
I20240430 07:48:33.490841   103 AdminTaskManager.cpp:224] waiting for incoming task
I20240430 07:48:33.490890   246 RebuildIndexTask.cpp:113] Start building index
I20240430 07:48:33.490967   246 RebuildIndexTask.cpp:119] Building index successful, space=5, part=30
I20240430 07:48:33.490975   246 RebuildIndexTask.cpp:122] Processing operation logs, space=5, part=30
I20240430 07:48:33.491021   249 RebuildIndexTask.cpp:113] Start building index
I20240430 07:48:33.491086   247 RebuildIndexTask.cpp:113] Start building index
I20240430 07:48:33.491163   239 RebuildIndexTask.cpp:113] Start building index
I20240430 07:48:33.491179   247 RebuildIndexTask.cpp:119] Building index successful, space=5, part=27
I20240430 07:48:33.491503   247 RebuildIndexTask.cpp:122] Processing operation logs, space=5, part=27
I20240430 07:48:33.491762   246 RebuildIndexTask.cpp:130] RebuildIndexTask Finished, space=5, part=30
I20240430 07:48:33.491775   246 AdminTaskManager.cpp:315] subtask of task(6, 2) finished, unfinished task 25
I20240430 07:48:33.491851   246 RebuildIndexTask.cpp:113] Start building index
I20240430 07:48:33.491884   245 RebuildIndexTask.cpp:113] Start building index
I20240430 07:48:33.491910   242 RebuildIndexTask.cpp:113] Start building index
I20240430 07:48:33.491933   246 RebuildIndexTask.cpp:119] Building index successful, space=5, part=45
I20240430 07:48:33.491945   246 RebuildIndexTask.cpp:122] Processing operation logs, space=5, part=45
I20240430 07:48:33.491958   240 RebuildIndexTask.cpp:113] Start building index
I20240430 07:48:33.491487   243 RebuildIndexTask.cpp:113] Start building index
I20240430 07:48:33.491168   249 RebuildIndexTask.cpp:119] Building index successful, space=5, part=33
I20240430 07:48:33.492050   249 RebuildIndexTask.cpp:122] Processing operation logs, space=5, part=33
I20240430 07:48:33.491251   239 RebuildIndexTask.cpp:119] Building index successful, space=5, part=36
I20240430 07:48:33.492172   239 RebuildIndexTask.cpp:122] Processing operation logs, space=5, part=36
I20240430 07:48:33.492394   243 RebuildIndexTask.cpp:119] Building index successful, space=5, part=39
I20240430 07:48:33.492406   243 RebuildIndexTask.cpp:122] Processing operation logs, space=5, part=39
I20240430 07:48:33.492414   247 RebuildIndexTask.cpp:130] RebuildIndexTask Finished, space=5, part=27
I20240430 07:48:33.492419   242 RebuildIndexTask.cpp:119] Building index successful, space=5, part=48
I20240430 07:48:33.492435   242 RebuildIndexTask.cpp:122] Processing operation logs, space=5, part=48
I20240430 07:48:33.492539   246 RebuildIndexTask.cpp:130] RebuildIndexTask Finished, space=5, part=45
I20240430 07:48:33.492563   246 AdminTaskManager.cpp:315] subtask of task(6, 2) finished, unfinished task 23
I20240430 07:48:33.492586   245 RebuildIndexTask.cpp:119] Building index successful, space=5, part=51
I20240430 07:48:33.492612   245 RebuildIndexTask.cpp:122] Processing operation logs, space=5, part=51
I20240430 07:48:33.492623   246 RebuildIndexTask.cpp:113] Start building index
I20240430 07:48:33.492633   249 RebuildIndexTask.cpp:130] RebuildIndexTask Finished, space=5, part=33
I20240430 07:48:33.492642   249 AdminTaskManager.cpp:315] subtask of task(6, 2) finished, unfinished task 22
I20240430 07:48:33.492462   240 RebuildIndexTask.cpp:119] Building index successful, space=5, part=42
I20240430 07:48:33.492713   240 RebuildIndexTask.cpp:122] Processing operation logs, space=5, part=42
I20240430 07:48:33.492761   243 RebuildIndexTask.cpp:130] RebuildIndexTask Finished, space=5, part=39
I20240430 07:48:33.492774   243 AdminTaskManager.cpp:315] subtask of task(6, 2) finished, unfinished task 21
I20240430 07:48:33.492813   249 RebuildIndexTask.cpp:113] Start building index
I20240430 07:48:33.492911   243 RebuildIndexTask.cpp:113] Start building index
I20240430 07:48:33.492929   245 RebuildIndexTask.cpp:130] RebuildIndexTask Finished, space=5, part=51
I20240430 07:48:33.492939   245 AdminTaskManager.cpp:315] subtask of task(6, 2) finished, unfinished task 20
I20240430 07:48:33.492988   243 RebuildIndexTask.cpp:119] Building index successful, space=5, part=63
I20240430 07:48:33.492998   243 RebuildIndexTask.cpp:122] Processing operation logs, space=5, part=63
I20240430 07:48:33.493026   245 RebuildIndexTask.cpp:113] Start building index
I20240430 07:48:33.493068   245 RebuildIndexTask.cpp:119] Building index successful, space=5, part=66
I20240430 07:48:33.493077   245 RebuildIndexTask.cpp:122] Processing operation logs, space=5, part=66
I20240430 07:48:33.492421   247 AdminTaskManager.cpp:315] subtask of task(6, 2) finished, unfinished task 24
I20240430 07:48:33.492563   239 RebuildIndexTask.cpp:130] RebuildIndexTask Finished, space=5, part=36
I20240430 07:48:33.493175   242 RebuildIndexTask.cpp:130] RebuildIndexTask Finished, space=5, part=48
I20240430 07:48:33.493199   242 AdminTaskManager.cpp:315] subtask of task(6, 2) finished, unfinished task 18
I20240430 07:48:33.492700   246 RebuildIndexTask.cpp:119] Building index successful, space=5, part=57
I20240430 07:48:33.493220   246 RebuildIndexTask.cpp:122] Processing operation logs, space=5, part=57
I20240430 07:48:33.493182   239 AdminTaskManager.cpp:315] subtask of task(6, 2) finished, unfinished task 19
I20240430 07:48:33.493213   249 RebuildIndexTask.cpp:119] Building index successful, space=5, part=60
I20240430 07:48:33.493338   249 RebuildIndexTask.cpp:122] Processing operation logs, space=5, part=60
I20240430 07:48:33.493341   239 RebuildIndexTask.cpp:113] Start building index
I20240430 07:48:33.493384   242 RebuildIndexTask.cpp:113] Start building index
I20240430 07:48:33.493440   242 RebuildIndexTask.cpp:119] Building index successful, space=5, part=75
I20240430 07:48:33.493451   242 RebuildIndexTask.cpp:122] Processing operation logs, space=5, part=75
I20240430 07:48:33.493453   239 RebuildIndexTask.cpp:119] Building index successful, space=5, part=72
I20240430 07:48:33.493475   239 RebuildIndexTask.cpp:122] Processing operation logs, space=5, part=72
I20240430 07:48:33.492658   241 RebuildIndexTask.cpp:113] Start building index
I20240430 07:48:33.493578   246 RebuildIndexTask.cpp:130] RebuildIndexTask Finished, space=5, part=57
I20240430 07:48:33.493577   241 RebuildIndexTask.cpp:119] Building index successful, space=5, part=54
I20240430 07:48:33.493222   247 RebuildIndexTask.cpp:113] Start building index
I20240430 07:48:33.493667   245 RebuildIndexTask.cpp:130] RebuildIndexTask Finished, space=5, part=66
I20240430 07:48:33.493676   245 AdminTaskManager.cpp:315] subtask of task(6, 2) finished, unfinished task 16
I20240430 07:48:33.493682   247 RebuildIndexTask.cpp:119] Building index successful, space=5, part=69
I20240430 07:48:33.493700   247 RebuildIndexTask.cpp:122] Processing operation logs, space=5, part=69
I20240430 07:48:33.493795   242 RebuildIndexTask.cpp:130] RebuildIndexTask Finished, space=5, part=75
I20240430 07:48:33.493818   242 AdminTaskManager.cpp:315] subtask of task(6, 2) finished, unfinished task 15
I20240430 07:48:33.493798   239 RebuildIndexTask.cpp:130] RebuildIndexTask Finished, space=5, part=72
I20240430 07:48:33.493850   239 AdminTaskManager.cpp:315] subtask of task(6, 2) finished, unfinished task 14
I20240430 07:48:33.493852   245 RebuildIndexTask.cpp:113] Start building index
I20240430 07:48:33.493589   246 AdminTaskManager.cpp:315] subtask of task(6, 2) finished, unfinished task 17
I20240430 07:48:33.493606   241 RebuildIndexTask.cpp:122] Processing operation logs, space=5, part=54
I20240430 07:48:33.492666   244 RebuildIndexTask.cpp:130] RebuildIndexTask Finished, space=5, part=18
I20240430 07:48:33.493963   244 AdminTaskManager.cpp:315] subtask of task(6, 2) finished, unfinished task 13
I20240430 07:48:33.493996   242 RebuildIndexTask.cpp:113] Start building index
I20240430 07:48:33.494088   243 RebuildIndexTask.cpp:130] RebuildIndexTask Finished, space=5, part=63
I20240430 07:48:33.494099   243 AdminTaskManager.cpp:315] subtask of task(6, 2) finished, unfinished task 12
I20240430 07:48:33.494308   241 RebuildIndexTask.cpp:130] RebuildIndexTask Finished, space=5, part=54
I20240430 07:48:33.494320   241 AdminTaskManager.cpp:315] subtask of task(6, 2) finished, unfinished task 11
I20240430 07:48:33.494359   243 RebuildIndexTask.cpp:113] Start building index
I20240430 07:48:33.494415   241 RebuildIndexTask.cpp:113] Start building index
I20240430 07:48:33.494477   241 RebuildIndexTask.cpp:119] Building index successful, space=5, part=96
I20240430 07:48:33.494488   241 RebuildIndexTask.cpp:122] Processing operation logs, space=5, part=96
I20240430 07:48:33.494561   243 RebuildIndexTask.cpp:119] Building index successful, space=5, part=93
I20240430 07:48:33.494570   243 RebuildIndexTask.cpp:122] Processing operation logs, space=5, part=93
I20240430 07:48:33.494634   244 RebuildIndexTask.cpp:113] Start building index
I20240430 07:48:33.494163   239 RebuildIndexTask.cpp:113] Start building index
I20240430 07:48:33.494180   246 RebuildIndexTask.cpp:113] Start building index
I20240430 07:48:33.494225   245 RebuildIndexTask.cpp:119] Building index successful, space=5, part=78
I20240430 07:48:33.494752   239 RebuildIndexTask.cpp:119] Building index successful, space=5, part=84
I20240430 07:48:33.494764   239 RebuildIndexTask.cpp:122] Processing operation logs, space=5, part=84
I20240430 07:48:33.494771   246 RebuildIndexTask.cpp:119] Building index successful, space=5, part=87
I20240430 07:48:33.494791   246 RebuildIndexTask.cpp:122] Processing operation logs, space=5, part=87
I20240430 07:48:33.494834   245 RebuildIndexTask.cpp:122] Processing operation logs, space=5, part=78
I20240430 07:48:33.494920   247 RebuildIndexTask.cpp:130] RebuildIndexTask Finished, space=5, part=69
I20240430 07:48:33.494930   247 AdminTaskManager.cpp:315] subtask of task(6, 2) finished, unfinished task 10
I20240430 07:48:33.494922   241 RebuildIndexTask.cpp:130] RebuildIndexTask Finished, space=5, part=96
I20240430 07:48:33.494969   241 AdminTaskManager.cpp:315] subtask of task(6, 2) finished, unfinished task 9
I20240430 07:48:33.495002   243 RebuildIndexTask.cpp:130] RebuildIndexTask Finished, space=5, part=93
I20240430 07:48:33.495011   243 AdminTaskManager.cpp:315] subtask of task(6, 2) finished, unfinished task 8
I20240430 07:48:33.494244   249 RebuildIndexTask.cpp:130] RebuildIndexTask Finished, space=5, part=60
I20240430 07:48:33.495034   249 AdminTaskManager.cpp:315] subtask of task(6, 2) finished, unfinished task 7
I20240430 07:48:33.495056   244 RebuildIndexTask.cpp:119] Building index successful, space=5, part=90
I20240430 07:48:33.495075   246 RebuildIndexTask.cpp:130] RebuildIndexTask Finished, space=5, part=87
I20240430 07:48:33.495193   246 AdminTaskManager.cpp:315] subtask of task(6, 2) finished, unfinished task 6
I20240430 07:48:33.495143   245 RebuildIndexTask.cpp:130] RebuildIndexTask Finished, space=5, part=78
I20240430 07:48:33.495215   239 RebuildIndexTask.cpp:130] RebuildIndexTask Finished, space=5, part=84
I20240430 07:48:33.495249   239 AdminTaskManager.cpp:315] subtask of task(6, 2) finished, unfinished task 4
I20240430 07:48:33.495227   245 AdminTaskManager.cpp:315] subtask of task(6, 2) finished, unfinished task 5
I20240430 07:48:33.495234   247 RebuildIndexTask.cpp:113] Start building index
I20240430 07:48:33.495239   244 RebuildIndexTask.cpp:122] Processing operation logs, space=5, part=90
I20240430 07:48:33.495576   247 RebuildIndexTask.cpp:119] Building index successful, space=5, part=99
I20240430 07:48:33.495584   247 RebuildIndexTask.cpp:122] Processing operation logs, space=5, part=99
I20240430 07:48:33.495647   240 RebuildIndexTask.cpp:130] RebuildIndexTask Finished, space=5, part=42
I20240430 07:48:33.495661   240 AdminTaskManager.cpp:315] subtask of task(6, 2) finished, unfinished task 3
I20240430 07:48:33.496007   244 RebuildIndexTask.cpp:130] RebuildIndexTask Finished, space=5, part=90
I20240430 07:48:33.496016   244 AdminTaskManager.cpp:315] subtask of task(6, 2) finished, unfinished task 2
I20240430 07:48:33.496033   247 RebuildIndexTask.cpp:130] RebuildIndexTask Finished, space=5, part=99
I20240430 07:48:33.496037   247 AdminTaskManager.cpp:315] subtask of task(6, 2) finished, unfinished task 1
I20240430 07:48:33.505043   241 AdminTaskManager.cpp:326] task(6, 2) runSubTask() exit
I20240430 07:48:33.505088   249 AdminTaskManager.cpp:326] task(6, 2) runSubTask() exit
I20240430 07:48:33.505090   243 AdminTaskManager.cpp:326] task(6, 2) runSubTask() exit
I20240430 07:48:33.505265   246 AdminTaskManager.cpp:326] task(6, 2) runSubTask() exit
I20240430 07:48:33.505322   239 AdminTaskManager.cpp:326] task(6, 2) runSubTask() exit
I20240430 07:48:33.505554   245 AdminTaskManager.cpp:326] task(6, 2) runSubTask() exit
I20240430 07:48:33.505736   240 AdminTaskManager.cpp:326] task(6, 2) runSubTask() exit
I20240430 07:48:33.506084   247 AdminTaskManager.cpp:326] task(6, 2) runSubTask() exit
I20240430 07:48:33.506095   244 AdminTaskManager.cpp:326] task(6, 2) runSubTask() exit
I20240430 07:48:33.950644    64 MetaClient.cpp:3263] Load leader of "172.28.2.1":9779 in 4 space
I20240430 07:48:33.950693    64 MetaClient.cpp:3263] Load leader of "172.28.2.2":9779 in 4 space
I20240430 07:48:33.950717    64 MetaClient.cpp:3263] Load leader of "172.28.2.3":9779 in 4 space
I20240430 07:48:33.950722    64 MetaClient.cpp:3269] Load leader ok
I20240430 07:48:33.952518    64 Part.cpp:494] [Port: 9780, Space: 5, Part: 45] Clean rocksdb part data
I20240430 07:48:33.952577    64 NebulaStore.cpp:594] Space 5, part 45 has been removed!
I20240430 07:48:33.953125    64 Part.cpp:494] [Port: 9780, Space: 5, Part: 42] Clean rocksdb part data
I20240430 07:48:33.953152    64 NebulaStore.cpp:594] Space 5, part 42 has been removed!
I20240430 07:48:33.953740    64 Part.cpp:494] [Port: 9780, Space: 5, Part: 39] Clean rocksdb part data
I20240430 07:48:33.953771    64 NebulaStore.cpp:594] Space 5, part 39 has been removed!
I20240430 07:48:33.954349    64 Part.cpp:494] [Port: 9780, Space: 5, Part: 36] Clean rocksdb part data
I20240430 07:48:33.954380    64 NebulaStore.cpp:594] Space 5, part 36 has been removed!
I20240430 07:48:33.954890    64 Part.cpp:494] [Port: 9780, Space: 5, Part: 33] Clean rocksdb part data
I20240430 07:48:33.954916    64 NebulaStore.cpp:594] Space 5, part 33 has been removed!
I20240430 07:48:33.955612    64 Part.cpp:494] [Port: 9780, Space: 5, Part: 30] Clean rocksdb part data
I20240430 07:48:33.955641    64 NebulaStore.cpp:594] Space 5, part 30 has been removed!
I20240430 07:48:33.956135    64 Part.cpp:494] [Port: 9780, Space: 5, Part: 27] Clean rocksdb part data
I20240430 07:48:33.956158    64 NebulaStore.cpp:594] Space 5, part 27 has been removed!
I20240430 07:48:33.956653    64 Part.cpp:494] [Port: 9780, Space: 5, Part: 24] Clean rocksdb part data
I20240430 07:48:33.956677    64 NebulaStore.cpp:594] Space 5, part 24 has been removed!
I20240430 07:48:33.957146    64 Part.cpp:494] [Port: 9780, Space: 5, Part: 9] Clean rocksdb part data
I20240430 07:48:33.957176    64 NebulaStore.cpp:594] Space 5, part 9 has been removed!
I20240430 07:48:33.957875    64 Part.cpp:494] [Port: 9780, Space: 5, Part: 6] Clean rocksdb part data
I20240430 07:48:33.957901    64 NebulaStore.cpp:594] Space 5, part 6 has been removed!
I20240430 07:48:33.958408    64 Part.cpp:494] [Port: 9780, Space: 5, Part: 72] Clean rocksdb part data
I20240430 07:48:33.958441    64 NebulaStore.cpp:594] Space 5, part 72 has been removed!
I20240430 07:48:33.959087    64 Part.cpp:494] [Port: 9780, Space: 5, Part: 3] Clean rocksdb part data
I20240430 07:48:33.959113    64 NebulaStore.cpp:594] Space 5, part 3 has been removed!
