interactions:
- request:
    body: ''
    headers:
      accept:
      - '*/*'
      accept-encoding:
      - gzip, deflate
      connection:
      - keep-alive
      user-agent:
      - python-httpx/0.27.0
    method: GET
    uri: http://localhost:8000/api/v1/functions/by_path/test/sdk/test_async_chat
  response:
    body:
      string: '{"detail":"Function not found"}'
    headers:
      content-length:
      - '31'
      content-type:
      - application/json
      date:
      - Thu, 11 Apr 2024 16:23:54 GMT
      server:
      - uvicorn
    status:
      code: 404
      message: Not Found
- request:
    body: '{"id": null, "path": "test/sdk/test_async_chat", "description": "Translate
      to French", "input_schema": null, "out_schema": null, "instructions": "Translate
      to French", "model": null, "index_ids": [], "use_semantic_search": null, "few_shot":
      null, "few_shot_count": null, "cache_configuration": null}'
    headers:
      accept:
      - '*/*'
      accept-encoding:
      - gzip, deflate
      connection:
      - keep-alive
      content-length:
      - '299'
      content-type:
      - application/json
      user-agent:
      - python-httpx/0.27.0
    method: POST
    uri: http://localhost:8000/api/v1/functions
  response:
    body:
      string: '{"id":48,"path":"test/sdk/test_async_chat","description":"Translate
        to French","input_schema":null,"out_schema":null,"instructions":"Translate
        to French","few_shot":false,"few_shot_count":2,"dataset_uuid":"7223ad03-9f13-433d-a2c7-27052da2195d","use_semantic_search":false,"model":"azure/gpt4-eu","language_model_id":8,"index_ids":[],"linked_function_ids":null,"revision":1,"cache_configuration":null}'
    headers:
      content-length:
      - '400'
      content-type:
      - application/json
      date:
      - Thu, 11 Apr 2024 16:23:54 GMT
      server:
      - uvicorn
    status:
      code: 200
      message: OK
- request:
    body: '{"parent_span_uuid": null, "messages": [{"role": "user", "content": "hello"}]}'
    headers:
      accept:
      - '*/*'
      accept-encoding:
      - gzip, deflate
      connection:
      - keep-alive
      content-length:
      - '78'
      content-type:
      - application/json
      user-agent:
      - python-httpx/0.27.0
    method: POST
    uri: http://localhost:8000/v1/chat/test/sdk/test_async_chat
  response:
    body:
      string: '{"span_id":"84b5d901-47f0-4abd-8cf4-d5dc18800756","message":"Bonjour","json_payload":null,"error":null,"context":null,"cached":false}'
    headers:
      content-length:
      - '133'
      content-type:
      - application/json
      date:
      - Thu, 11 Apr 2024 16:23:54 GMT
      server:
      - uvicorn
    status:
      code: 200
      message: OK
- request:
    body: ''
    headers:
      accept:
      - '*/*'
      accept-encoding:
      - gzip, deflate
      connection:
      - keep-alive
      user-agent:
      - python-httpx/0.27.0
    method: GET
    uri: http://localhost:8000/api/v1/functions/48
  response:
    body:
      string: '{"id":48,"path":"test/sdk/test_async_chat","description":"Translate
        to French","input_schema":null,"dataset_uuid":"7223ad03-9f13-433d-a2c7-27052da2195d","out_schema":null,"instructions":"Translate
        to French","use_semantic_search":false,"few_shot":false,"few_shot_count":2,"revision":1,"org_id":1,"index_ids":[],"linked_functions_ids":[],"model":"azure/gpt4-eu","language_model_id":8}'
    headers:
      content-length:
      - '383'
      content-type:
      - application/json
      date:
      - Thu, 11 Apr 2024 16:23:55 GMT
      server:
      - uvicorn
    status:
      code: 200
      message: OK
- request:
    body: ''
    headers:
      accept:
      - '*/*'
      accept-encoding:
      - gzip, deflate
      connection:
      - keep-alive
      user-agent:
      - python-httpx/0.27.0
    method: DELETE
    uri: http://localhost:8000/api/v1/functions/by_path/test/sdk/test_async_chat
  response:
    body:
      string: '{"detail":"Function and associated generations deleted successfully"}'
    headers:
      content-length:
      - '69'
      content-type:
      - application/json
      date:
      - Thu, 11 Apr 2024 16:23:55 GMT
      server:
      - uvicorn
    status:
      code: 200
      message: OK
version: 1
